// Jest Snapshot v1, https://goo.gl/fbAQLP

exports[`should parse string from rolflekang.com/feed.xml 1`] = `
Object {
  "#ns": Array [
    Object {
      "xmlns:atom": "http://www.w3.org/2005/Atom",
    },
  ],
  "#type": "rss",
  "#version": "2.0",
  "#xml": Object {},
  "@": Array [
    Object {
      "xmlns:atom": "http://www.w3.org/2005/Atom",
    },
  ],
  "atom:link": Object {
    "@": Object {
      "href": "http://rolflekang.com/feed.xml",
      "rel": "self",
      "type": "application/rss+xml",
    },
  },
  "author": null,
  "categories": Array [],
  "cloud": Object {},
  "copyright": null,
  "date": null,
  "description": null,
  "favicon": null,
  "generator": "rl.com v1.0.0",
  "image": Object {},
  "items": Array [
    Object {
      "author": null,
      "categories": Array [],
      "comments": null,
      "date": 2017-01-02T00:00:00.000Z,
      "description": null,
      "enclosures": Array [],
      "guid": "http://rolflekang.com/lets-run-some-races",
      "image": Object {},
      "link": "http://rolflekang.com/lets-run-some-races",
      "origlink": null,
      "permalink": "http://rolflekang.com/lets-run-some-races",
      "pubDate": 2017-01-02T00:00:00.000Z,
      "pubdate": 2017-01-02T00:00:00.000Z,
      "source": Object {},
      "summary": null,
      "title": "Let's run some races this year",
    },
    Object {
      "author": null,
      "categories": Array [],
      "comments": null,
      "date": 2017-01-01T00:00:00.000Z,
      "description": null,
      "enclosures": Array [],
      "guid": "http://rolflekang.com/software-development-on-an-ipad",
      "image": Object {},
      "link": "http://rolflekang.com/software-development-on-an-ipad",
      "origlink": null,
      "permalink": "http://rolflekang.com/software-development-on-an-ipad",
      "pubDate": 2017-01-01T00:00:00.000Z,
      "pubdate": 2017-01-01T00:00:00.000Z,
      "source": Object {},
      "summary": null,
      "title": "Software development on an iPad",
    },
    Object {
      "author": null,
      "categories": Array [],
      "comments": null,
      "date": 2016-06-10T00:00:00.000Z,
      "description": null,
      "enclosures": Array [],
      "guid": "http://rolflekang.com/filtering-lint-errors",
      "image": Object {},
      "link": "http://rolflekang.com/filtering-lint-errors",
      "origlink": null,
      "permalink": "http://rolflekang.com/filtering-lint-errors",
      "pubDate": 2016-06-10T00:00:00.000Z,
      "pubdate": 2016-06-10T00:00:00.000Z,
      "source": Object {},
      "summary": null,
      "title": "Filtering lint errors",
    },
    Object {
      "author": null,
      "categories": Array [],
      "comments": null,
      "date": 2015-07-26T00:00:00.000Z,
      "description": null,
      "enclosures": Array [],
      "guid": "http://rolflekang.com/interrail-summer",
      "image": Object {},
      "link": "http://rolflekang.com/interrail-summer",
      "origlink": null,
      "permalink": "http://rolflekang.com/interrail-summer",
      "pubDate": 2015-07-26T00:00:00.000Z,
      "pubdate": 2015-07-26T00:00:00.000Z,
      "source": Object {},
      "summary": null,
      "title": "Interrail summer",
    },
    Object {
      "author": null,
      "categories": Array [],
      "comments": null,
      "date": 2015-05-23T00:00:00.000Z,
      "description": null,
      "enclosures": Array [],
      "guid": "http://rolflekang.com/writing-latex-in-atom",
      "image": Object {},
      "link": "http://rolflekang.com/writing-latex-in-atom",
      "origlink": null,
      "permalink": "http://rolflekang.com/writing-latex-in-atom",
      "pubDate": 2015-05-23T00:00:00.000Z,
      "pubdate": 2015-05-23T00:00:00.000Z,
      "source": Object {},
      "summary": null,
      "title": "Writing (latex) in Atom",
    },
    Object {
      "author": null,
      "categories": Array [],
      "comments": null,
      "date": 2014-12-30T00:00:00.000Z,
      "description": null,
      "enclosures": Array [],
      "guid": "http://rolflekang.com/rmoq",
      "image": Object {},
      "link": "http://rolflekang.com/rmoq",
      "origlink": null,
      "permalink": "http://rolflekang.com/rmoq",
      "pubDate": 2014-12-30T00:00:00.000Z,
      "pubdate": 2014-12-30T00:00:00.000Z,
      "source": Object {},
      "summary": null,
      "title": "rmoq - a request mock cache",
    },
    Object {
      "author": null,
      "categories": Array [],
      "comments": null,
      "date": 2014-10-03T15:35:00.000Z,
      "description": null,
      "enclosures": Array [],
      "guid": "http://rolflekang.com/django-nopassword-one-point-o",
      "image": Object {},
      "link": "http://rolflekang.com/django-nopassword-one-point-o",
      "origlink": null,
      "permalink": "http://rolflekang.com/django-nopassword-one-point-o",
      "pubDate": 2014-10-03T15:35:00.000Z,
      "pubdate": 2014-10-03T15:35:00.000Z,
      "source": Object {},
      "summary": null,
      "title": "django-nopassword reached 1.0",
    },
    Object {
      "author": null,
      "categories": Array [],
      "comments": null,
      "date": 2014-05-07T00:00:00.000Z,
      "description": null,
      "enclosures": Array [],
      "guid": "http://rolflekang.com/moving-to-pelican",
      "image": Object {},
      "link": "http://rolflekang.com/moving-to-pelican",
      "origlink": null,
      "permalink": "http://rolflekang.com/moving-to-pelican",
      "pubDate": 2014-05-07T00:00:00.000Z,
      "pubdate": 2014-05-07T00:00:00.000Z,
      "source": Object {},
      "summary": null,
      "title": "Moving the blog to pelican",
    },
    Object {
      "author": null,
      "categories": Array [],
      "comments": null,
      "date": 2014-02-02T00:00:00.000Z,
      "description": null,
      "enclosures": Array [],
      "guid": "http://rolflekang.com/building-tumblr-theme-with-grunt",
      "image": Object {},
      "link": "http://rolflekang.com/building-tumblr-theme-with-grunt",
      "origlink": null,
      "permalink": "http://rolflekang.com/building-tumblr-theme-with-grunt",
      "pubDate": 2014-02-02T00:00:00.000Z,
      "pubdate": 2014-02-02T00:00:00.000Z,
      "source": Object {},
      "summary": null,
      "title": "Building a Tumblr theme with GruntJS",
    },
    Object {
      "author": null,
      "categories": Array [],
      "comments": null,
      "date": 2013-10-24T00:00:00.000Z,
      "description": null,
      "enclosures": Array [],
      "guid": "http://rolflekang.com/backup-routines-for-redisdb",
      "image": Object {},
      "link": "http://rolflekang.com/backup-routines-for-redisdb",
      "origlink": null,
      "permalink": "http://rolflekang.com/backup-routines-for-redisdb",
      "pubDate": 2013-10-24T00:00:00.000Z,
      "pubdate": 2013-10-24T00:00:00.000Z,
      "source": Object {},
      "summary": null,
      "title": "Backup routine for Redis",
    },
    Object {
      "author": null,
      "categories": Array [],
      "comments": null,
      "date": 2013-05-22T00:00:00.000Z,
      "description": null,
      "enclosures": Array [],
      "guid": "http://rolflekang.com/django-app-custom-user",
      "image": Object {},
      "link": "http://rolflekang.com/django-app-custom-user",
      "origlink": null,
      "permalink": "http://rolflekang.com/django-app-custom-user",
      "pubDate": 2013-05-22T00:00:00.000Z,
      "pubdate": 2013-05-22T00:00:00.000Z,
      "source": Object {},
      "summary": null,
      "title": "Making your Django app ready for custom users",
    },
    Object {
      "author": null,
      "categories": Array [],
      "comments": null,
      "date": 2013-03-03T00:00:00.000Z,
      "description": null,
      "enclosures": Array [],
      "guid": "http://rolflekang.com/stats-are-fun",
      "image": Object {},
      "link": "http://rolflekang.com/stats-are-fun",
      "origlink": null,
      "permalink": "http://rolflekang.com/stats-are-fun",
      "pubDate": 2013-03-03T00:00:00.000Z,
      "pubdate": 2013-03-03T00:00:00.000Z,
      "source": Object {},
      "summary": null,
      "title": "Stats are fun",
    },
    Object {
      "author": null,
      "categories": Array [],
      "comments": null,
      "date": 2013-02-26T00:00:00.000Z,
      "description": null,
      "enclosures": Array [],
      "guid": "http://rolflekang.com/alfred-scripts-for-jekyll",
      "image": Object {},
      "link": "http://rolflekang.com/alfred-scripts-for-jekyll",
      "origlink": null,
      "permalink": "http://rolflekang.com/alfred-scripts-for-jekyll",
      "pubDate": 2013-02-26T00:00:00.000Z,
      "pubdate": 2013-02-26T00:00:00.000Z,
      "source": Object {},
      "summary": null,
      "title": "Alfred scripts for Jekyll",
    },
    Object {
      "author": null,
      "categories": Array [],
      "comments": null,
      "date": 2013-01-27T00:00:00.000Z,
      "description": null,
      "enclosures": Array [],
      "guid": "http://rolflekang.com/use-array-in-postgresql-with-django",
      "image": Object {},
      "link": "http://rolflekang.com/use-array-in-postgresql-with-django",
      "origlink": null,
      "permalink": "http://rolflekang.com/use-array-in-postgresql-with-django",
      "pubDate": 2013-01-27T00:00:00.000Z,
      "pubdate": 2013-01-27T00:00:00.000Z,
      "source": Object {},
      "summary": null,
      "title": "Use array in postgresql with django",
    },
    Object {
      "author": null,
      "categories": Array [],
      "comments": null,
      "date": 2013-01-03T00:00:00.000Z,
      "description": null,
      "enclosures": Array [],
      "guid": "http://rolflekang.com/apply-puppet-configuration-automatically",
      "image": Object {},
      "link": "http://rolflekang.com/apply-puppet-configuration-automatically",
      "origlink": null,
      "permalink": "http://rolflekang.com/apply-puppet-configuration-automatically",
      "pubDate": 2013-01-03T00:00:00.000Z,
      "pubdate": 2013-01-03T00:00:00.000Z,
      "source": Object {},
      "summary": null,
      "title": "Apply puppet automatically",
    },
    Object {
      "author": null,
      "categories": Array [],
      "comments": null,
      "date": 2012-12-02T00:00:00.000Z,
      "description": null,
      "enclosures": Array [],
      "guid": "http://rolflekang.com/reading-wikipedia",
      "image": Object {},
      "link": "http://rolflekang.com/reading-wikipedia",
      "origlink": null,
      "permalink": "http://rolflekang.com/reading-wikipedia",
      "pubDate": 2012-12-02T00:00:00.000Z,
      "pubdate": 2012-12-02T00:00:00.000Z,
      "source": Object {},
      "summary": null,
      "title": "Readable Wikipedia",
    },
    Object {
      "author": null,
      "categories": Array [],
      "comments": null,
      "date": 2012-09-28T00:00:00.000Z,
      "description": null,
      "enclosures": Array [],
      "guid": "http://rolflekang.com/django-nopassword",
      "image": Object {},
      "link": "http://rolflekang.com/django-nopassword",
      "origlink": null,
      "permalink": "http://rolflekang.com/django-nopassword",
      "pubDate": 2012-09-28T00:00:00.000Z,
      "pubdate": 2012-09-28T00:00:00.000Z,
      "source": Object {},
      "summary": null,
      "title": "django-nopassword",
    },
    Object {
      "author": null,
      "categories": Array [],
      "comments": null,
      "date": 2012-09-16T00:00:00.000Z,
      "description": null,
      "enclosures": Array [],
      "guid": "http://rolflekang.com/the-github-lamp",
      "image": Object {},
      "link": "http://rolflekang.com/the-github-lamp",
      "origlink": null,
      "permalink": "http://rolflekang.com/the-github-lamp",
      "pubDate": 2012-09-16T00:00:00.000Z,
      "pubdate": 2012-09-16T00:00:00.000Z,
      "source": Object {},
      "summary": null,
      "title": "The Github lamp",
    },
  ],
  "language": null,
  "link": "http://rolflekang.com/",
  "pubDate": null,
  "pubdate": null,
  "rss:@": Object {},
  "rss:description": Object {
    "@": Object {},
  },
  "rss:generator": Object {
    "#": "rl.com v1.0.0",
    "@": Object {},
  },
  "rss:link": Object {
    "#": "http://rolflekang.com/",
    "@": Object {},
  },
  "rss:title": Object {
    "#": "Writings of Rolf Erik Lekang",
    "@": Object {},
  },
  "title": "Writings of Rolf Erik Lekang",
  "xmlUrl": "http://rolflekang.com/feed.xml",
  "xmlurl": "http://rolflekang.com/feed.xml",
}
`;
