// Jest Snapshot v1, https://goo.gl/fbAQLP

exports[`should parse string from google.blogspot.com/feeds/posts/default 1`] = `
Object {
  "entries": Array [
    Object {
      "author": "Brett Wiltshire",
      "categories": Array [],
      "description": undefined,
      "guid": undefined,
      "link": "http://google.blogspot.com/2011/04/google-to-acquire-blogger.html",
      "pubDate": "2011-04-01T15:06:00.000Z",
      "title": "Google to Acquire Blogger",
    },
  ],
  "link": "http://google.blogspot.com/",
  "parser": "FEEDME",
  "title": "Google on BlogSpot",
}
`;

exports[`should parse string from rolflekang.com/feed.xml 1`] = `
Object {
  "description": "Writing by Rolf Erik Lekang",
  "entries": Array [
    Object {
      "author": undefined,
      "categories": Array [
        "ansible",
        "devops",
        "ops",
        "infrastructure-as-code",
      ],
      "description": "Recently I have been dusting of my old ansible playbooks that I use to deploy personal
stuff. Everything from side projects like feedhuddler…",
      "guid": "https://rolflekang.com/ansible-handlers-in-loops",
      "link": "https://rolflekang.com/ansible-handlers-in-loops",
      "pubDate": "2020-09-12T00:00:00.000Z",
      "title": "Using Ansible handlers in loops",
    },
    Object {
      "author": undefined,
      "categories": Array [
        "nextjs",
        "javascript",
        "curl",
        "nodejs",
      ],
      "description": "I have recently been trying out the Next.js for some projects again. I have
had earlier projects where I have been really happy with Next…",
      "guid": "https://rolflekang.com/serving-plain-text-with-nextjs",
      "link": "https://rolflekang.com/serving-plain-text-with-nextjs",
      "pubDate": "2020-05-26T00:00:00.000Z",
      "title": "Serving text/plain for curl with Next",
    },
    Object {
      "author": undefined,
      "categories": Array [
        "networking",
        "unifi",
        "ubiquiti",
        "homelab",
      ],
      "description": "In the apartment I live in there is only ethernet between the place where the fiber
connection is and the tv point in the living room. In…",
      "guid": "https://rolflekang.com/wireless-uplinks-with-unifi",
      "link": "https://rolflekang.com/wireless-uplinks-with-unifi",
      "pubDate": "2020-05-03T00:00:00.000Z",
      "title": "Wireless uplinks with Unifi",
    },
    Object {
      "author": undefined,
      "categories": Array [
        "git",
      ],
      "description": "Over the years I have time and time again run into the problem of getting
conflicts when popping from the git stash. Somehow this has…",
      "guid": "https://rolflekang.com/using-git-commits-instead-of-stash",
      "link": "https://rolflekang.com/using-git-commits-instead-of-stash",
      "pubDate": "2019-11-14T00:00:00.000Z",
      "title": "Using git commits instead of git stash",
    },
    Object {
      "author": undefined,
      "categories": Array [
        "gatsby",
        "canvas",
        "javascript",
      ],
      "description": "Previously this blog had the default article twitter card. I have seen some
other sited like dev.to have these nice title images for the…",
      "guid": "https://rolflekang.com/twitter-cards-for-gatsby-posts",
      "link": "https://rolflekang.com/twitter-cards-for-gatsby-posts",
      "pubDate": "2019-02-26T00:00:00.000Z",
      "title": "Twitter cards for Gatsby posts",
    },
    Object {
      "author": undefined,
      "categories": Array [
        "gatsby",
        "javascript",
      ],
      "description": "This website is created with Gatsby, Reasonml and a little bit of typescript.
In this post I will explain how I built the \\"Related articles…",
      "guid": "https://rolflekang.com/related-articles-with-gatsby",
      "link": "https://rolflekang.com/related-articles-with-gatsby",
      "pubDate": "2019-02-20T00:00:00.000Z",
      "title": "Related articles with Gatsby",
    },
    Object {
      "author": undefined,
      "categories": Array [
        "reasonml",
        "native",
      ],
      "description": "Recently I have started to look into the native compilation of Reason. There
are many use cases for compiling to native, e.g. fast CLIs…",
      "guid": "https://rolflekang.com/creating-a-cli-with-reason-native",
      "link": "https://rolflekang.com/creating-a-cli-with-reason-native",
      "pubDate": "2019-02-12T00:00:00.000Z",
      "title": "Creating a CLI with  Reason native",
    },
    Object {
      "author": undefined,
      "categories": Array [
        "graphql",
        "testing",
        "javascript",
      ],
      "description": "I recently created a GraphQL based microservice for parsing RSS-feeds. I wanted
to write something down about the approach I took to test…",
      "guid": "https://rolflekang.com/testing-simple-graphql-services",
      "link": "https://rolflekang.com/testing-simple-graphql-services",
      "pubDate": "2017-05-28T00:00:00.000Z",
      "title": "Testing simple GraphQL services",
    },
    Object {
      "author": undefined,
      "categories": Array [
        "running",
      ],
      "description": "This will be the first year that I enter a running race, ever.
I am pretty excited. I am at the moment aiming at three races
for this year…",
      "guid": "https://rolflekang.com/lets-run-some-races",
      "link": "https://rolflekang.com/lets-run-some-races",
      "pubDate": "2017-01-02T00:00:00.000Z",
      "title": "Let's run some races this year",
    },
    Object {
      "author": undefined,
      "categories": Array [
        "ipad",
        "development-environment",
      ],
      "description": "I recently bought an iPad Pro as a replacement for my computer at home. The old one was a
Macbook Pro that is taking its last spins these…",
      "guid": "https://rolflekang.com/software-development-on-an-ipad",
      "link": "https://rolflekang.com/software-development-on-an-ipad",
      "pubDate": "2017-01-01T00:00:00.000Z",
      "title": "Software development on an iPad",
    },
    Object {
      "author": undefined,
      "categories": Array [
        "linter",
        "linting",
        "development",
      ],
      "description": "We all learn new stuff every day, that goes for how we write code as well.
Over time our perception of best practices change, the codestyle…",
      "guid": "https://rolflekang.com/filtering-lint-errors",
      "link": "https://rolflekang.com/filtering-lint-errors",
      "pubDate": "2016-06-10T00:00:00.000Z",
      "title": "Filtering lint errors",
    },
    Object {
      "author": undefined,
      "categories": Array [
        "travel",
        "interrail",
      ],
      "description": "After I finished my master thesis in June I left for a interrail with my girlfriend this summer. Traveling by train has its ups an downs…",
      "guid": "https://rolflekang.com/interrail-summer",
      "link": "https://rolflekang.com/interrail-summer",
      "pubDate": "2015-07-26T00:00:00.000Z",
      "title": "Interrail summer",
    },
    Object {
      "author": undefined,
      "categories": Array [
        "atom",
        "writing",
        "procrastination",
      ],
      "description": "These days I am writing my master thesis, which I will deliver in June.
It is not easy to produce content all days, so when you have one of…",
      "guid": "https://rolflekang.com/writing-latex-in-atom",
      "link": "https://rolflekang.com/writing-latex-in-atom",
      "pubDate": "2015-05-23T00:00:00.000Z",
      "title": "Writing (latex) in Atom",
    },
    Object {
      "author": undefined,
      "categories": Array [
        "python",
        "testing",
        "mocking",
      ],
      "description": "While working on feedhuddler.com there are tests that test the feedparsing functionality. It uses the actual feeds from their origins, which…",
      "guid": "https://rolflekang.com/rmoq",
      "link": "https://rolflekang.com/rmoq",
      "pubDate": "2014-12-30T00:00:00.000Z",
      "title": "rmoq - a request mock cache",
    },
    Object {
      "author": undefined,
      "categories": Array [
        "django",
        "nopassword",
        "django-nopassword",
        "authentication",
      ],
      "description": "I started the this project as way to understand django authentication backends
about two years ago. I read a blog post by Ben Brown about…",
      "guid": "https://rolflekang.com/django-nopassword-one-point-o",
      "link": "https://rolflekang.com/django-nopassword-one-point-o",
      "pubDate": "2014-10-03T00:00:00.000Z",
      "title": "django-nopassword reached 1.0",
    },
    Object {
      "author": undefined,
      "categories": Array [
        "this",
        "static-site",
        "pelican",
        "jekyll",
      ],
      "description": "A couple of days ago I swapped the static site generator used at this blog
from Jekyll to Pelican. It was not to much work, mostly changing…",
      "guid": "https://rolflekang.com/moving-to-pelican",
      "link": "https://rolflekang.com/moving-to-pelican",
      "pubDate": "2014-05-07T00:00:00.000Z",
      "title": "Moving the blog to pelican",
    },
    Object {
      "author": undefined,
      "categories": Array [
        "gruntjs",
        "cookiecutter",
        "tumblr",
      ],
      "description": "Building custom themes for Tumblr To create themes for Tumblr one has to create a single HTML file and paste the contents into a editor on…",
      "guid": "https://rolflekang.com/building-tumblr-theme-with-grunt",
      "link": "https://rolflekang.com/building-tumblr-theme-with-grunt",
      "pubDate": "2014-02-02T00:00:00.000Z",
      "title": "Building a Tumblr theme with GruntJS",
    },
    Object {
      "author": undefined,
      "categories": Array [
        "db",
        "backup",
        "redis",
      ],
      "description": "After I created the memoris API and started to use it I had to set up a backup routine for the Redis database running behind it. I only run…",
      "guid": "https://rolflekang.com/backup-routines-for-redisdb",
      "link": "https://rolflekang.com/backup-routines-for-redisdb",
      "pubDate": "2013-10-24T00:00:00.000Z",
      "title": "Backup routine for Redis",
    },
    Object {
      "author": undefined,
      "categories": Array [
        "django",
        "custom user",
      ],
      "description": "In Django 1.5 custom users was introduced. This means that the user model can be swapped for a
custom model. How does this affect third…",
      "guid": "https://rolflekang.com/django-app-custom-user",
      "link": "https://rolflekang.com/django-app-custom-user",
      "pubDate": "2013-05-22T00:00:00.000Z",
      "title": "Making your Django app ready for custom users",
    },
    Object {
      "author": undefined,
      "categories": Array [
        "pypstats",
        "pypi",
        "stats",
        "geek-tool",
      ],
      "description": "Update: PyPi stopped serving stats in may 2013. The script in this blogpost will only be able to get download counts until may 24th. More…",
      "guid": "https://rolflekang.com/stats-are-fun",
      "link": "https://rolflekang.com/stats-are-fun",
      "pubDate": "2013-03-03T00:00:00.000Z",
      "title": "Stats are fun",
    },
    Object {
      "author": undefined,
      "categories": Array [
        "alfredapp",
        "jekyll",
        "shell script",
      ],
      "description": "Alfred App is the productivity application I use the most, and the one that actually boosts productivity. I recently started to use Jekyll…",
      "guid": "https://rolflekang.com/alfred-scripts-for-jekyll",
      "link": "https://rolflekang.com/alfred-scripts-for-jekyll",
      "pubDate": "2013-02-26T00:00:00.000Z",
      "title": "Alfred scripts for Jekyll",
    },
    Object {
      "author": undefined,
      "categories": Array [
        "tags",
        "postgres",
        "array",
        "pgarray",
        "django",
      ],
      "description": "I wanted to use arrays in postgresql for tags on this blog. I installed the packages
 and . The model for the blogposts is displayed below…",
      "guid": "https://rolflekang.com/use-array-in-postgresql",
      "link": "https://rolflekang.com/use-array-in-postgresql",
      "pubDate": "2013-01-27T00:00:00.000Z",
      "title": "Use array in postgresql with django",
    },
    Object {
      "author": undefined,
      "categories": Array [
        "puppet",
        "web.py",
        "nginx",
        "uwsgi",
        "github",
        "github-hooks",
      ],
      "description": "I recently started using github web interface as editor for my puppet configuration. I wanted to be able to push a new configuration without…",
      "guid": "https://rolflekang.com/apply-puppet-configuration-automatically",
      "link": "https://rolflekang.com/apply-puppet-configuration-automatically",
      "pubDate": "2013-01-03T00:00:00.000Z",
      "title": "Apply puppet automatically",
    },
    Object {
      "author": undefined,
      "categories": Array [
        "wikipedia",
        "css",
        "readability",
        "stylebot",
      ],
      "description": "I have been reading a lot of wikipedia articles lately so I made a stylebot stylesheet to make it a little bit more comfortable to read. If…",
      "guid": "https://rolflekang.com/readable-wikipedia",
      "link": "https://rolflekang.com/readable-wikipedia",
      "pubDate": "2012-12-02T00:00:00.000Z",
      "title": "Readable Wikipedia",
    },
    Object {
      "author": undefined,
      "categories": Array [
        "django",
        "no-password",
        "email-authentication",
        "authentication",
      ],
      "description": "Some weeks ago I read a blog post by Ben Brown about password less login. I wanted to learn more about custom authentication in Django and I…",
      "guid": "https://rolflekang.com/django-nopassword",
      "link": "https://rolflekang.com/django-nopassword",
      "pubDate": "2012-09-28T00:00:00.000Z",
      "title": "django-nopassword",
    },
    Object {
      "author": undefined,
      "categories": Array [
        "arduino",
        "github",
        "git",
        "web.py",
      ],
      "description": "Update: This project is now on github: relekang/lumen My arduino has been collecting dust in a drawer for a while. This weekend I figured…",
      "guid": "https://rolflekang.com/the-github-lamp",
      "link": "https://rolflekang.com/the-github-lamp",
      "pubDate": "2012-09-16T00:00:00.000Z",
      "title": "The Github lamp",
    },
  ],
  "link": "https://rolflekang.com",
  "parser": "FEEDME",
  "title": "Writing by Rolf Erik Lekang",
}
`;
