// Jest Snapshot v1, https://goo.gl/fbAQLP

exports[`
  feed(url: "https://non--------existing-domain.com") { title }
 1`] = `
{
  "data": {
    "feed": null,
  },
  "errors": [
    {
      "extensions": {
        "code": "dns-lookup-error",
        "message": "Could not find domain",
        "type": "DnsLookupError",
      },
      "locations": [
        {
          "column": 3,
          "line": 2,
        },
      ],
      "message": "Could not find domain",
      "path": [
        "feed",
      ],
    },
  ],
}
`;

exports[`
  feed(url: "https://rolflekang.com/feed.json", parser: JSON_FEED_V1) { title }
 1`] = `
{
  "data": {
    "feed": {
      "title": "Writing by Rolf Erik Lekang",
    },
  },
}
`;

exports[`
  feed(url: "https://rolflekang.com/feed.xml") {
    title
    feed_url
    items {
      title
      url
      date_published
    }
  }
 1`] = `
{
  "data": {
    "feed": {
      "feed_url": "https://rolflekang.com/feed.xml",
      "items": [
        {
          "date_published": "2020-11-08T00:00:00.000Z",
          "title": "Using certbot with Ansible",
          "url": "https://rolflekang.com/using-certbot-with-ansible",
        },
        {
          "date_published": "2020-09-12T00:00:00.000Z",
          "title": "Using Ansible handlers in loops",
          "url": "https://rolflekang.com/ansible-handlers-in-loops",
        },
        {
          "date_published": "2020-05-26T00:00:00.000Z",
          "title": "Serving text/plain for curl with Next",
          "url": "https://rolflekang.com/serving-plain-text-with-nextjs",
        },
        {
          "date_published": "2020-05-03T00:00:00.000Z",
          "title": "Wireless uplinks with Unifi",
          "url": "https://rolflekang.com/wireless-uplinks-with-unifi",
        },
        {
          "date_published": "2019-11-14T00:00:00.000Z",
          "title": "Using git commits instead of git stash",
          "url": "https://rolflekang.com/using-git-commits-instead-of-stash",
        },
        {
          "date_published": "2019-02-26T00:00:00.000Z",
          "title": "Twitter cards for Gatsby posts",
          "url": "https://rolflekang.com/twitter-cards-for-gatsby-posts",
        },
        {
          "date_published": "2019-02-20T00:00:00.000Z",
          "title": "Related articles with Gatsby",
          "url": "https://rolflekang.com/related-articles-with-gatsby",
        },
        {
          "date_published": "2019-02-12T00:00:00.000Z",
          "title": "Creating a CLI with Reason native",
          "url": "https://rolflekang.com/creating-a-cli-with-reason-native",
        },
        {
          "date_published": "2017-05-28T00:00:00.000Z",
          "title": "Testing simple GraphQL services",
          "url": "https://rolflekang.com/testing-simple-graphql-services",
        },
        {
          "date_published": "2017-01-02T00:00:00.000Z",
          "title": "Let's run some races this year",
          "url": "https://rolflekang.com/lets-run-some-races",
        },
        {
          "date_published": "2017-01-01T00:00:00.000Z",
          "title": "Software development on an iPad",
          "url": "https://rolflekang.com/software-development-on-an-ipad",
        },
        {
          "date_published": "2016-06-10T00:00:00.000Z",
          "title": "Filtering lint errors",
          "url": "https://rolflekang.com/filtering-lint-errors",
        },
        {
          "date_published": "2015-07-26T00:00:00.000Z",
          "title": "Interrail summer",
          "url": "https://rolflekang.com/interrail-summer",
        },
        {
          "date_published": "2015-05-23T00:00:00.000Z",
          "title": "Writing (latex) in Atom",
          "url": "https://rolflekang.com/writing-latex-in-atom",
        },
        {
          "date_published": "2014-12-30T00:00:00.000Z",
          "title": "rmoq - a request mock cache",
          "url": "https://rolflekang.com/rmoq",
        },
        {
          "date_published": "2014-10-03T00:00:00.000Z",
          "title": "django-nopassword reached 1.0",
          "url": "https://rolflekang.com/django-nopassword-one-point-o",
        },
        {
          "date_published": "2014-05-07T00:00:00.000Z",
          "title": "Moving the blog to pelican",
          "url": "https://rolflekang.com/moving-to-pelican",
        },
        {
          "date_published": "2014-02-02T00:00:00.000Z",
          "title": "Building a Tumblr theme with GruntJS",
          "url": "https://rolflekang.com/building-tumblr-theme-with-grunt",
        },
        {
          "date_published": "2013-10-24T00:00:00.000Z",
          "title": "Backup routine for Redis",
          "url": "https://rolflekang.com/backup-routines-for-redisdb",
        },
        {
          "date_published": "2013-05-22T00:00:00.000Z",
          "title": "Making your Django app ready for custom users",
          "url": "https://rolflekang.com/django-app-custom-user",
        },
        {
          "date_published": "2013-03-03T00:00:00.000Z",
          "title": "Stats are fun",
          "url": "https://rolflekang.com/stats-are-fun",
        },
        {
          "date_published": "2013-02-26T00:00:00.000Z",
          "title": "Alfred scripts for Jekyll",
          "url": "https://rolflekang.com/alfred-scripts-for-jekyll",
        },
        {
          "date_published": "2013-01-27T00:00:00.000Z",
          "title": "Use array in postgresql with django",
          "url": "https://rolflekang.com/use-array-in-postgresql",
        },
        {
          "date_published": "2013-01-03T00:00:00.000Z",
          "title": "Apply puppet automatically",
          "url": "https://rolflekang.com/apply-puppet-configuration-automatically",
        },
        {
          "date_published": "2012-12-02T00:00:00.000Z",
          "title": "Readable Wikipedia",
          "url": "https://rolflekang.com/readable-wikipedia",
        },
        {
          "date_published": "2012-09-28T00:00:00.000Z",
          "title": "django-nopassword",
          "url": "https://rolflekang.com/django-nopassword",
        },
        {
          "date_published": "2012-09-16T00:00:00.000Z",
          "title": "The Github lamp",
          "url": "https://rolflekang.com/the-github-lamp",
        },
      ],
      "title": "Writing by Rolf Erik Lekang",
    },
  },
}
`;

exports[`
  feed(url: "https://rolflekang.com/feed.xml") { title }
 1`] = `
{
  "data": {
    "feed": {
      "title": "Writing by Rolf Erik Lekang",
    },
  },
}
`;

exports[`
  feed(url: "https://rolflekang.com/feed.xml") { title, badField }
 1`] = `
{
  "errors": [
    {
      "extensions": {
        "code": "GRAPHQL_VALIDATION_FAILED",
        "type": "GraphQLError",
      },
      "locations": [
        {
          "column": 57,
          "line": 2,
        },
      ],
      "message": "Cannot query field "badField" on type "Feed".",
    },
  ],
}
`;

exports[`
  feed(url: "https://rolflekang.com/feed.xml", parser: FEEDME) { title }
 1`] = `
{
  "data": {
    "feed": {
      "title": "Writing by Rolf Erik Lekang",
    },
  },
}
`;

exports[`
  feed(url: "https://rolflekang.com/feed.xml", parser: FEEDPARSER) { title }
 1`] = `
{
  "data": {
    "feed": {
      "title": "Writing by Rolf Erik Lekang",
    },
  },
}
`;

exports[`
  feed(url: "https://rolflekang.com/feed.xml", parser: RSS_PARSER) { title }
 1`] = `
{
  "data": {
    "feed": {
      "title": "Writing by Rolf Erik Lekang",
    },
  },
}
`;

exports[`
  feed(url: "https://rolflekang.com/feed.xml", parser: RSS_TO_JSON) { title }
 1`] = `
{
  "data": {
    "feed": {
      "title": "Writing by Rolf Erik Lekang",
    },
  },
}
`;

exports[`
  feed(url: "https://rolflekang.com/feed.xml", startTime: "2020-01-01", endTime: "2020-10-31") {
    items { title }
  }
 1`] = `
{
  "data": {
    "feed": {
      "items": [
        {
          "title": "Using Ansible handlers in loops",
        },
        {
          "title": "Serving text/plain for curl with Next",
        },
        {
          "title": "Wireless uplinks with Unifi",
        },
      ],
    },
  },
}
`;

exports[`
  feed(url: "https://rolflekang.com/testing-simple-graphql-services") { title }
 1`] = `
{
  "data": {
    "feed": null,
  },
  "errors": [
    {
      "extensions": {
        "code": "not-a-feed",
        "message": "Not a feed",
        "type": "NotAFeedError",
      },
      "locations": [
        {
          "column": 3,
          "line": 2,
        },
      ],
      "message": "Not a feed",
      "path": [
        "feed",
      ],
    },
  ],
}
`;

exports[`
  findFeed(url: "https://non--------existing-domain.com") { link }
 1`] = `
{
  "data": null,
  "errors": [
    {
      "extensions": {
        "code": "dns-lookup-error",
        "message": "Could not find domain",
        "type": "DnsLookupError",
      },
      "locations": [
        {
          "column": 3,
          "line": 2,
        },
      ],
      "message": "Could not find domain",
      "path": [
        "findFeed",
      ],
    },
  ],
}
`;

exports[`
  findFeed(url: "https://rolflekang.com") { link }
 1`] = `
{
  "data": {
    "findFeed": [
      {
        "link": "https://rolflekang.com/feed.xml",
      },
      {
        "link": "https://rolflekang.com/feed.json",
      },
    ],
  },
}
`;

exports[`
  findFeed(url: "not-a-url") { link }
 1`] = `
{
  "data": null,
  "errors": [
    {
      "extensions": {
        "code": "invalid-url",
        "message": "Invalid url",
        "type": "InvalidUrlError",
      },
      "locations": [
        {
          "column": 3,
          "line": 2,
        },
      ],
      "message": "Invalid url",
      "path": [
        "findFeed",
      ],
    },
  ],
}
`;
